<html>
<body>
<pre>
<h1>µVision Build Log</h1>
<h2>Project:</h2>
C:\Users\Mohab\Desktop\Clone\Embedded_Project\Embedded.uvproj
Project File Date:  05/25/2022

<h2>Output:</h2>
Rebuild target 'Target 1'
assembling startup_TM4C123.s...
compiling Ports_Init.c...
compiling KPD.c...
compiling Functions.c...
compiling main.c...
compiling Case_B.c...
compiling LCD.c...
compiling Case_A.c...
compiling Case D.c...
compiling Case_C.c...
linking...
Program Size: Code=3508 RO-data=652 RW-data=20 ZI-data=516  
".\Embedded.axf" - 0 Error(s), 0 Warning(s).
</pre>
</body>
</html>
652 RW-data=20 ZI-data=516  
".\Embedded.axf" - 0 Error(s), 1 Warning(s).
 warning:  #1-D: last line of file ends without a newline
        
Functions.c: 2 warnings, 0 errors
compiling main.c...
KPD.h(1): warning:  #1-D: last line of file ends without a newline
  char get_key (void);
LCD.h(12): warning:  #1-D: last line of file ends without a newline
  void OUT( unsigned char  hundreds , unsigned char tens , unsigned char units);
Functions.h(20): warning:  #1-D: last line of file ends without a newline
        
main.c: 3 warnings, 0 errors
compiling Case_B.c...
functions.h(20): warning:  #1-D: last line of file ends without a newline
        
LCD.h(12): warning:  #1-D: last line of file ends without a newline
  void OUT( unsigned char  hundreds , unsigned char tens , unsigned char units);
KPD.h(1): warning:  #1-D: last line of file ends without a newline
  char get_key (void);
Case_B.c: 3 warnings, 0 errors
compiling LCD.c...
Functions.h(20): warning:  #1-D: last line of file ends without a newline
        
LCD.c: 1 warning, 0 errors
compiling Case_A.c...
LCD.h(12): warning:  #1-D: last line of file ends without a newline
  void OUT( unsigned char  hundreds , unsigned char tens , unsigned char units);
Functions.h(20): warning:  #1-D: last line of file ends without a newline
        
Case_A.c: 2 warnings, 0 errors
compiling Case D.c...
Functions.h(20): warning:  #1-D: last line of file ends without a newline
        
LCD.h(12): warning:  #1-D: last line of file ends without a newline
  void OUT( unsigned char  hundreds , unsigned char tens , unsigned char units);
KPD.h(1): warning:  #1-D: last line of file ends without a newline
  char get_key (void);
Case D.c: 3 warnings, 0 errors
compiling Case_C.c...
functions.h(20): warning:  #1-D: last line of file ends without a newline
        
LCD.h(12): warning:  #1-D: last line of file ends without a newline
  void OUT( unsigned char  hundreds , unsigned char tens , unsigned char units);
KPD.h(1): warning:  #1-D: last line of file ends without a newline
  char get_key (void);
Case_C.c(55): warning:  #1-D: last line of file ends without a newline
        
Case_C.c: 4 warnings, 0 errors
linking...
Program Size: Code=3508 RO-data=652 RW-data=20 ZI-data=516  
".\Embedded.axf" - 0 Error(s), 20 Warning(s).
Load "C:\\Users\\Mohab\\Desktop\\Clone\\Embedded_Project\\Embedded.axf" 
Connecting: Mode=JTAG, Speed=1000000Hz
Erase Done.
Programming Done.
Verify OK.
